******************************************************************************
                  TI ARM Linker PC v18.1.1                     
******************************************************************************
>> Linked Sat Aug 25 12:35:12 2018

OUTPUT FILE NAME:   <Atlas_Arm.out>
ENTRY POINT SYMBOL: "_c_int00_noargs"  address: 0002482d


MEMORY CONFIGURATION

         name            origin    length      used     unused   attr    fill
----------------------  --------  ---------  --------  --------  ----  --------
  FLASH                 00000000   00100000  000275ac  000d8a54  R  X
  SRAM                  20000000   00040000  0003e6a2  0000195e  RW X


SEGMENT ALLOCATION MAP

run origin  load origin   length   init length attrs members
----------  ----------- ---------- ----------- ----- -------
00000000    00000000    000275b0   000275b0    r-x
  00000000    00000000    00000208   00000208    r-- .intvecs
  00000208    00000208    00024ca0   00024ca0    r-x .text
  00024ea8    00024ea8    00002520   00002520    r-- .const
  000273c8    000273c8    0000007c   0000007c    r-- .init_array
  00027448    00027448    00000168   00000168    r-- .cinit
20000000    20000000    0003e6a9   00000000    rw-
  20000000    20000000    0000026c   00000000    rw- .vtable
  20000270    20000270    00020000   00000000    rw- .stack
  20020270    20020270    0001997d   00000000    rw- .bss
  20039bf0    20039bf0    00004000   00000000    rw- .sysmem
  2003dbf0    2003dbf0    00000ab9   00000000    rw- .data


SECTION ALLOCATION MAP

 output                                  attributes/
section   page    origin      length       input sections
--------  ----  ----------  ----------   ----------------
.intvecs   0    00000000    00000208     
                  00000000    00000208     tm4c129encpdt_startup_ccs.obj (.intvecs)

.text      0    00000208    00024ca0     
                  00000208    00001b3c     Roveboard tm4c1294ncpdt maker.lib : tcp_in.obj (.text)
                  00001d44    00001a90     Kinematics.obj (.text)
                  000037d4    00001664     Roveboard tm4c1294ncpdt maker.lib : dhcp.obj (.text)
                  00004e38    000015b4     main.obj (.text)
                  000063ec    0000143c     GravityInertiaSystemStatus.obj (.text)
                  00007828    0000132c     Roveboard tm4c1294ncpdt maker.lib : RovePwmRead_TivaTM4C1294NCPDT.obj (.text)
                  00008b54    0000130c                                       : tcp.obj (.text)
                  00009e60    0000103c                                       : tcp_out.obj (.text)
                  0000ae9c    00000f68                                       : sysctl.obj (.text)
                  0000be04    00000d20                                       : emac.obj (.text)
                  0000cb24    00000ce4                                       : etharp.obj (.text)
                  0000d808    00000cd4                                       : RoveADC_TivaTM4C1294NCPDT.obj (.text)
                  0000e4dc    00000b50                                       : RoveI2C_TivaTM4C1294NCPDT.obj (.text)
                  0000f02c    00000b4c                                       : gpio.obj (.text)
                  0000fb78    00000a7a                                       : pbuf.obj (.text)
                  000105f2    00000002                                       : stats.obj (.text)
                  000105f4    00000a2c                                       : HardwareSerial.obj (.text)
                  00011020    000009c0     rtsv7M4_T_le_v4SPD16_eabi.lib : e_pow.c.obj (.text:pow)
                  000119e0    00000990     PIVConverter.obj (.text)
                  00012370    00000990     Roveboard tm4c1294ncpdt maker.lib : RoveEthernet_TivaTM4C1294NCPDT.obj (.text)
                  00012d00    00000980     RoveDynamixel.obj (.text)
                  00013680    00000954     PIAlgorithm.obj (.text)
                  00013fd4    00000920     Roveboard tm4c1294ncpdt maker.lib : hibernate.obj (.text)
                  000148f4    00000914                                       : tiva-tm4c129.obj (.text)
                  00015208    00000850                                       : RovePwmWrite_TivaTM4C1294NCPDT.obj (.text)
                  00015a58    00000838                                       : RovePermaMem_TivaTM4C1294NCPDT.obj (.text)
                  00016290    00000808                                       : dns.obj (.text)
                  00016a98    000007da                                       : adc.obj (.text)
                  00017272    00000002     rtsv7M4_T_le_v4SPD16_eabi.lib : stdlib_typeinfo.cpp.obj (.text:_ZNSt9type_infoD1Ev)
                  00017274    00000790     Roveboard tm4c1294ncpdt maker.lib : EthernetClient.obj (.text)
                  00017a04    00000718                                       : pwm.obj (.text)
                  0001811c    00000704                                       : i2c.obj (.text)
                  00018820    00000674                                       : udp.obj (.text)
                  00018e94    00000670                                       : RoveTimer_TivaTM4C1294NCPDT.obj (.text)
                  00019504    0000064e                                       : timer.obj (.text)
                  00019b52    00000002     rtsv7M4_T_le_v4SPD16_eabi.lib : _lock.c.obj (.text:_nop)
                  00019b54    00000648     Roveboard tm4c1294ncpdt maker.lib : MatrixMath.obj (.text)
                  0001a19c    00000638                                       : uart.obj (.text)
                  0001a7d4    000005d8                                       : sw_crc.obj (.text)
                  0001adac    0000056c                                       : RoveUart_TivaTM4C1294NCPDT.obj (.text)
                  0001b318    0000055c     Ma3Encoder12b.obj (.text)
                  0001b874    00000548     Roveboard tm4c1294ncpdt maker.lib : lwiplib.obj (.text)
                  0001bdbc    00000524     BTM7752GwithPCA9685.obj (.text)
                  0001c2e0    000004d0     Roveboard tm4c1294ncpdt maker.lib : autoip.obj (.text)
                  0001c7b0    000004d0                                       : mem.obj (.text)
                  0001cc80    000004a8                                       : EthernetServer.obj (.text)
                  0001d128    00000470                                       : eeprom.obj (.text)
                  0001d598    00000450                                       : ip.obj (.text)
                  0001d9e8    0000041c     DifferentialAxis.obj (.text)
                  0001de04    00000404     VNH5019WithPCA9685.obj (.text)
                  0001e208    000003f4     GravityCompensator.obj (.text)
                  0001e5fc    000003e0     TtoPPOpenLConverter.obj (.text)
                  0001e9dc    000003c4     Roveboard tm4c1294ncpdt maker.lib : inet_chksum.obj (.text)
                  0001eda0    000003c4                                       : ip_addr.obj (.text)
                  0001f164    000003c0                                       : interrupt.obj (.text)
                  0001f524    000003b8                                       : flash.obj (.text)
                  0001f8dc    000003b8                                       : netif.obj (.text)
                  0001fc94    0000038c     GenPwmPhaseHBridge.obj (.text)
                  00020020    00000380     AbstractFramework.obj (.text)
                  000203a0    0000036c     RoveComm.obj (.text)
                  0002070c    00000330     RMCInstances.obj (.text)
                  00020a3c    00000314     Roveboard tm4c1294ncpdt maker.lib : timers.obj (.text)
                  00020d50    000002ec     VelocityDeriver.obj (.text)
                  0002103c    000002ec     rtsv7M4_T_le_v4SPD16_eabi.lib : s_atan.c.obj (.text:atan)
                  00021328    00000294     Roveboard tm4c1294ncpdt maker.lib : icmp.obj (.text)
                  000215bc    0000026c                                       : raw.obj (.text)
                  00021828    00000250                                       : Clocking_TivaTM4C1294NCPDT.obj (.text)
                  00021a78    00000230                                       : DigitalPin_TivaTM4C1294NCPDT.obj (.text)
                  00021ca8    000001ec     rtsv7M4_T_le_v4SPD16_eabi.lib : e_atan2.c.obj (.text:atan2)
                  00021e94    000001e4     Roveboard tm4c1294ncpdt maker.lib : memp.obj (.text)
                  00022078    000001e4     SingleMotorAxis.obj (.text)
                  0002225c    000001d0     Roveboard tm4c1294ncpdt maker.lib : lightTrig.obj (.text)
                  0002242c    000001d0     VNH5019.obj (.text)
                  000225fc    000001c8     DirectDiscreteHBridge.obj (.text)
                  000227c4    000001b6     rtsv7M4_T_le_v4SPD16_eabi.lib : fd_add_t2.asm.obj (.text)
                  0002297a    00000002                                   : div0.asm.obj (.text)
                  0002297c    00000188     Roveboard tm4c1294ncpdt maker.lib : watchdog.obj (.text)
                  00022b04    00000180     Sdc2130.obj (.text)
                  00022c84    00000158     rtsv7M4_T_le_v4SPD16_eabi.lib : e_atan2f.c.obj (.text:atan2f)
                  00022ddc    00000158                                   : e_sqrt.c.obj (.text:sqrt)
                  00022f34    00000150                                   : s_atanf.c.obj (.text:atanf)
                  00023084    0000014c     RCContinuousServo.obj (.text)
                  000231d0    00000136     rtsv7M4_T_le_v4SPD16_eabi.lib : fd_div_t2.asm.obj (.text)
                  00023306    00000002     --HOLE-- [fill = 0]
                  00023308    00000134                                   : vla_alloc.c.obj (.text:__vla_alloc)
                  0002343c    00000114                                   : memory.c.obj (.text:realloc)
                  00023550    00000110                                   : s_scalbn.c.obj (.text:scalbn)
                  00023660    000000fc                                   : fd_mul_t2.asm.obj (.text)
                  0002375c    000000d8                                   : memory.c.obj (.text:free)
                  00023834    000000d0     Roveboard tm4c1294ncpdt maker.lib : IPAddress.obj (.text)
                  00023904    000000c0                                       : SysInit_TivaTM4C1294NCPDT.obj (.text)
                  000239c4    000000c0                                       : fpu.obj (.text)
                  00023a84    000000b4     rtsv7M4_T_le_v4SPD16_eabi.lib : s_cosf.c.obj (.text:cosf)
                  00023b38    000000a4                                   : s_sinf.c.obj (.text:sinf)
                  00023bdc    0000009c                                   : memcpy_t2.asm.obj (.text)
                  00023c78    00000096                                   : ull_div_t2.asm.obj (.text)
                  00023d0e    00000002     --HOLE-- [fill = 0]
                  00023d10    00000088     Roveboard tm4c1294ncpdt maker.lib : systick.obj (.text)
                  00023d98    00000086     rtsv7M4_T_le_v4SPD16_eabi.lib : fd_cmp_t2.asm.obj (.text:__aeabi_cdcmple)
                  00023e1e    00000086                                   : fd_cmp_t2.asm.obj (.text:__aeabi_cdrcmple)
                  00023ea4    00000084     DualLimitSwitch.obj (.text)
                  00023f28    0000007a     rtsv7M4_T_le_v4SPD16_eabi.lib : memset_t2.asm.obj (.text)
                  00023fa2    00000002     --HOLE-- [fill = 0]
                  00023fa4    00000078                                   : vla_alloc.c.obj (.text:_ZN33_INTERNAL_11_vla_alloc_c_be8bd49b21free_dead_allocationsEPv)
                  0002401c    00000078                                   : vla_alloc.c.obj (.text:__vla_dealloc)
                  00024094    00000078                                   : memory.c.obj (.text:malloc)
                  0002410c    00000076                                   : vec_newdel.c.obj (.text:_ZN34_INTERNAL_12_vec_newdel_c_8a08d4a517array_new_generalEPvijjS0_PFYS0_S0_ES2_PFYS0_jEPFYvS0_Eii)
                  00024182    00000070                                   : fd_toll_t2.asm.obj (.text)
                  000241f2    0000006e                                   : fd_tos_t2.asm.obj (.text)
                  00024260    0000006c     Roveboard tm4c1294ncpdt maker.lib : def.obj (.text)
                  000242cc    00000068     rtsv7M4_T_le_v4SPD16_eabi.lib : copy_decompress_lzss.c.obj (.text:decompress:lzss:__TI_decompress_lzss)
                  00024334    00000064     SingleStopLimitSwitch.obj (.text)
                  00024398    00000064     Roveboard tm4c1294ncpdt maker.lib : RoveTimer_TivaTM4C1294NCPDT.obj (.text:_ZN9TimerDataC1EhjjjjjjjjjjPFvvES1_)
                  000243fc    00000060     rtsv7M4_T_le_v4SPD16_eabi.lib : autoinit.c.obj (.text:__TI_auto_init_nobinit:__TI_auto_init_nobinit)
                  0002445c    00000048                                   : exit.c.obj (.text:exit)
                  000244a4    00000048                                   : fd_toi_t2.asm.obj (.text)
                  000244ec    00000044                                   : dtor_list.c.obj (.text:_Z25__add_destruction_to_listPP20a_needed_destructionPFYvPvES2_S2_)
                  00024530    00000044     DifferentialAxis.obj (.text:_ZN10MotionAxisC1E9ValueTypeP11IOConverterP12OutputDevice)
                  00024574    00000044     DifferentialAxis.obj (.text:_ZN10MotionAxisC1E9ValueTypeP12OutputDevice)
                  000245b8    00000044     rtsv7M4_T_le_v4SPD16_eabi.lib : fd_tou_t2.asm.obj (.text)
                  000245fc    00000042                                   : dtor_list.c.obj (.text:_Z23__finalize_destructionsPP20a_needed_destructionPv)
                  0002463e    00000002     --HOLE-- [fill = 0]
                  00024640    00000040     GravityCompensator.obj (.text:_ZN11IOConverterC1E9ValueTypeS0_)
                  00024680    00000040     rtsv7M4_T_le_v4SPD16_eabi.lib : ll_tofd_t2.asm.obj (.text)
                  000246c0    00000040                                   : u_divt2.asm.obj (.text)
                  00024700    0000003e     Roveboard tm4c1294ncpdt maker.lib : cpu.obj (.text)
                  0002473e    00000002     --HOLE-- [fill = 0]
                  00024740    0000003c                                       : RoveEthernet_TivaTM4C1294NCPDT.obj (.text:_ZN14EthernetServerC1ERKS_)
                  0002477c    0000003c                                       : RoveEthernet_TivaTM4C1294NCPDT.obj (.text:_ZN7UdpDataC1Ev)
                  000247b8    0000003c     rtsv7M4_T_le_v4SPD16_eabi.lib : memory.c.obj (.text:minsert)
                  000247f4    00000038     Roveboard tm4c1294ncpdt maker.lib : RoveEthernet_TivaTM4C1294NCPDT.obj (.text:_ZN14EthernetClientC1ERKS_)
                  0002482c    00000038     rtsv7M4_T_le_v4SPD16_eabi.lib : boot_cortex_m.c.obj (.text:_c_int00_noargs:_c_int00_noargs)
                  00024864    00000038                                   : memory.c.obj (.text:minit)
                  0002489c    00000038                                   : fs_tod_t2.asm.obj (.text)
                  000248d4    00000034     Kinematics.obj (.text:_Z5atan2IdfENSt3__216__lazy_enable_ifIXaasr3std3__213is_arithmeticIT_EE5valuesr3std3__213is_arithmeticIT0_EE5valueENS0_9__promoteIS2_S3_vEEE4typeES2_S3_)
                  00024908    00000034     Kinematics.obj (.text:_Z5atan2IfdENSt3__216__lazy_enable_ifIXaasr3std3__213is_arithmeticIT_EE5valuesr3std3__213is_arithmeticIT0_EE5valueENS0_9__promoteIS2_S3_vEEE4typeES2_S3_)
                  0002493c    00000034     Sdc2130.obj (.text:_ZN12OutputDeviceC1E9ValueTypeb)
                  00024970    00000034     rtsv7M4_T_le_v4SPD16_eabi.lib : dtor_list.c.obj (.text:__aeabi_atexit)
                  000249a4    0000002e     Kinematics.obj (.text:_Z3powIfiENSt3__216__lazy_enable_ifIXaasr3std3__213is_arithmeticIT_EE5valuesr3std3__213is_arithmeticIT0_EE5valueENS0_9__promoteIS2_S3_vEEE4typeES2_S3_)
                  000249d2    0000002e     rtsv7M4_T_le_v4SPD16_eabi.lib : i_tofd_t2.asm.obj (.text)
                  00024a00    0000002c     Roveboard tm4c1294ncpdt maker.lib : EthernetServer.obj (.text:_ZN14EthernetClientaSERKS_)
                  00024a2c    00000028                                       : sys_arch.obj (.text)
                  00024a54    00000028     rtsv7M4_T_le_v4SPD16_eabi.lib : memory.c.obj (.text:mremove)
                  00024a7c    00000028                                   : e_sqrtf.c.obj (.text:sqrtf)
                  00024aa4    00000024     Roveboard tm4c1294ncpdt maker.lib : init.obj (.text)
                  00024ac8    00000024     VelocityDeriver.obj (.text:_ZN14FeedbackDeviceC1E9ValueType)
                  00024aec    00000024     rtsv7M4_T_le_v4SPD16_eabi.lib : vec_newdel.c.obj (.text:__cxa_vec_ctor)
                  00024b10    00000024                                   : memcmp.c.obj (.text:memcmp)
                  00024b34    00000022     DifferentialAxis.obj (.text:_ZN10MotionAxisC2E9ValueTypeP11IOConverterP12OutputDevice)
                  00024b56    00000022     rtsv7M4_T_le_v4SPD16_eabi.lib : new.cpp.obj (.text:_Znwj)
                  00024b78    00000020                                   : u_tofd_t2.asm.obj (.text)
                  00024b98    0000001e     Roveboard tm4c1294ncpdt maker.lib : RovePwmWrite_TivaTM4C1294NCPDT.obj (.text:_ZN13PwmModuleDataC1Et)
                  00024bb6    0000001e                                       : RoveADC_TivaTM4C1294NCPDT.obj (.text:_ZN8seq_confC1Ev)
                  00024bd4    0000001c     GravityCompensator.obj (.text:_ZN11IOConverterC2E9ValueTypeS0_)
                  00024bf0    0000001c     Sdc2130.obj (.text:_ZN12OutputDeviceC2E9ValueTypeb)
                  00024c0c    0000001c     RoveComm.obj (.text:_ZN9IPAddresseqERKS_)
                  00024c28    00000018     DynamixelController.obj (.text)
                  00024c40    00000018     Kinematics.obj (.text:_Z5atan2ff)
                  00024c58    00000018     DifferentialAxis.obj (.text:_ZN10MotionAxisC2E9ValueTypeP12OutputDevice)
                  00024c70    00000018     DualLimitSwitch.obj (.text:_ZN16StopcapMechanismC1Ev)
                  00024c88    00000018     Roveboard tm4c1294ncpdt maker.lib : RoveEthernet_TivaTM4C1294NCPDT.obj (.text:_ZN6packetC1Ev)
                  00024ca0    00000018     rtsv7M4_T_le_v4SPD16_eabi.lib : ll_mul_t2.asm.obj (.text)
                  00024cb8    00000018                                   : strcmp.c.obj (.text:strcmp)
                  00024cd0    00000014     VelocityDeriver.obj (.text:_ZN14FeedbackDeviceC2E9ValueType)
                  00024ce4    00000014     rtsv7M4_T_le_v4SPD16_eabi.lib : s_copysign.c.obj (.text:copysign)
                  00024cf8    00000014                                   : strlen.c.obj (.text:strlen)
                  00024d0c    00000012     main.obj (.text:_ZN14RoveAdc_HandleC1Ev)
                  00024d1e    00000012     BTM7752GwithPCA9685.obj (.text:_ZN14RoveI2C_HandleC1Ev)
                  00024d30    00000012     Roveboard tm4c1294ncpdt maker.lib : RoveUart_TivaTM4C1294NCPDT.obj (.text:_ZN15RoveUart_HandleC1Ev)
                  00024d42    00000012     main.obj (.text:_ZN16RoveTimer_HandleC1Ev)
                  00024d54    00000012     Roveboard tm4c1294ncpdt maker.lib : RovePwmRead_TivaTM4C1294NCPDT.obj (.text:_ZN18RovePwmRead_HandleC1Ev)
                  00024d66    00000012                                       : RovePwmWrite_TivaTM4C1294NCPDT.obj (.text:_ZN19RovePwmWrite_HandleC1Ev)
                  00024d78    00000012                                       : RoveADC_TivaTM4C1294NCPDT.obj (.text:_ZN8adc_confC1Ev)
                  00024d8a    00000012                                       : RoveEthernet_TivaTM4C1294NCPDT.obj (.text:_ZN9IPAddressixEi)
                  00024d9c    00000010     Kinematics.obj (.text:_Z3cosf)
                  00024dac    00000010     Kinematics.obj (.text:_Z3sinf)
                  00024dbc    00000010     Kinematics.obj (.text:_Z4sqrtf)
                  00024dcc    0000000e     rtsv7M4_T_le_v4SPD16_eabi.lib : typeinfo.c.obj (.text:_ZN10__cxxabiv117__class_type_infoD0Ev)
                  00024dda    0000000e                                   : typeinfo.c.obj (.text:_ZN10__cxxabiv120__si_class_type_infoD0Ev)
                  00024de8    0000000e     GravityCompensator.obj (.text:_ZN14FeedbackDevice15getFeedbackTypeEv)
                  00024df6    0000000e     Roveboard tm4c1294ncpdt maker.lib : RoveEthernet_TivaTM4C1294NCPDT.obj (.text:_ZN9IPAddresscvjEv)
                  00024e04    0000000e     rtsv7M4_T_le_v4SPD16_eabi.lib : copy_decompress_none.c.obj (.text:decompress:none:__TI_decompress_none)
                  00024e12    0000000c     DualLimitSwitch.obj (.text:_ZN16StopcapMechanismC2Ev)
                  00024e1e    00000002     --HOLE-- [fill = 0]
                  00024e20    0000000c     rtsv7M4_T_le_v4SPD16_eabi.lib : new.cpp.obj (.text:_ZSt15get_new_handlerv)
                  00024e2c    0000000c                                   : guard.c.obj (.text:__cxa_guard_acquire)
                  00024e38    0000000c                                   : dtor_list.c.obj (.text:__cxa_ia64_exit)
                  00024e44    0000000c                                   : copy_zero_init.c.obj (.text:decompress:ZI:__TI_zero_init)
                  00024e50    0000000c     tm4c129encpdt_startup_ccs.obj (.text)
                  00024e5c    0000000a     rtsv7M4_T_le_v4SPD16_eabi.lib : guard.c.obj (.text:__cxa_guard_release)
                  00024e66    00000008     Roveboard tm4c1294ncpdt maker.lib : Debug.obj (.text)
                  00024e6e    00000008     rtsv7M4_T_le_v4SPD16_eabi.lib : new.cpp.obj (.text:_ZdlPv)
                  00024e76    00000002     --HOLE-- [fill = 0]
                  00024e78    00000008                                   : errno.c.obj (.text:__aeabi_errno_addr)
                  00024e80    00000006     Roveboard tm4c1294ncpdt maker.lib : sysctl.obj (.text:SysCtlDelay)
                  00024e86    00000006     rtsv7M4_T_le_v4SPD16_eabi.lib : pure_virt.c.obj (.text:__cxa_pure_virtual)
                  00024e8c    00000004                                   : typeinfo.c.obj (.text:_ZN10__cxxabiv117__class_type_infoD1Ev)
                  00024e90    00000004                                   : typeinfo.c.obj (.text:_ZN10__cxxabiv120__si_class_type_infoD1Ev)
                  00024e94    00000004                                   : new.cpp.obj (.text:_ZdlPvj)
                  00024e98    00000004                                   : new.cpp.obj (.text:_Znaj)
                  00024e9c    00000004                                   : error.c.obj (.text:__abort_execution)
                  00024ea0    00000004                                   : pre_init.c.obj (.text:_system_pre_init)
                  00024ea4    00000004                                   : exit.c.obj (.text:abort:abort)

.const     0    00024ea8    00002520     
                  00024ea8    00000400     Roveboard tm4c1294ncpdt maker.lib : sw_crc.obj (.const:g_pui32Crc32)
                  000252a8    00000200                                       : sw_crc.obj (.const:g_pui16Crc16)
                  000254a8    000001b0                                       : sysctl.obj (.const:g_pppui32XTALtoVCO)
                  00025658    00000180                                       : HardwareSerial.obj (.const:g_ulUARTConfig)
                  000257d8    00000180                                       : RoveI2C_TivaTM4C1294NCPDT.obj (.const:pinMapToI2cBase_Scl)
                  00025958    00000180                                       : RoveI2C_TivaTM4C1294NCPDT.obj (.const:pinMapToI2cBase_Sda)
                  00025ad8    00000180                                       : RoveI2C_TivaTM4C1294NCPDT.obj (.const:pinMapToI2cConfig)
                  00025c58    00000180                                       : RoveADC_TivaTM4C1294NCPDT.obj (.const:pin_to_adc_chan)
                  00025dd8    00000100                                       : sw_crc.obj (.const:.string:g_pui8Crc8CCITT)
                  00025ed8    000000c0                                       : gpio.obj (.const:g_ppui32GPIOIntMapBlizzard)
                  00025f98    000000c0                                       : gpio.obj (.const:g_ppui32GPIOIntMapSnowflake)
                  00026058    000000a0                                       : RovePwmRead_TivaTM4C1294NCPDT.obj (.const:timerPinConfigTable)
                  000260f8    0000009c                                       : interrupt.obj (.const:g_pui32Regs)
                  00026194    00000004     VNH5019WithPCA9685.obj (.const:.string:$P$T3$1)
                  00026198    00000098     rtsv7M4_T_le_v4SPD16_eabi.lib : s_atan.c.obj (.const:$O1$$)
                  00026230    00000090     Roveboard tm4c1294ncpdt maker.lib : gpio.obj (.const:g_pui32GPIOBaseAddrs)
                  000262c0    00000076                                       : tcp.obj (.const:.string)
                  00026336    00000001                                       : DigitalPin_TivaTM4C1294NCPDT.obj (.const:.string:InvalidPins)
                  00026337    00000001     --HOLE-- [fill = 0]
                  00026338    0000006c                                       : sysctl.obj (.const:g_pui32Xtals)
                  000263a4    00000060                                       : RovePwmRead_TivaTM4C1294NCPDT.obj (.const:.string:pinMapToPinNum)
                  00026404    00000060                                       : RovePwmRead_TivaTM4C1294NCPDT.obj (.const:.string:pinMapToPort)
                  00026464    00000060                                       : DigitalPin_TivaTM4C1294NCPDT.obj (.const:.string:pinToPinMask)
                  000264c4    00000060                                       : HardwareSerial.obj (.const:.string:pinToPinMask)
                  00026524    00000060                                       : RoveI2C_TivaTM4C1294NCPDT.obj (.const:.string:pinToPinMask)
                  00026584    00000060                                       : DigitalPin_TivaTM4C1294NCPDT.obj (.const:.string:pinToPortRef)
                  000265e4    00000060                                       : HardwareSerial.obj (.const:.string:pinToPortRef)
                  00026644    00000060                                       : RoveI2C_TivaTM4C1294NCPDT.obj (.const:.string:pinToPortRef)
                  000266a4    00000060                                       : timer.obj (.const:g_ppui32TimerIntMap)
                  00026704    00000050                                       : RoveADC_TivaTM4C1294NCPDT.obj (.const:adc_chan_base)
                  00026754    00000050                                       : RoveADC_TivaTM4C1294NCPDT.obj (.const:adc_chan_sysctl)
                  000267a4    00000050                                       : RoveADC_TivaTM4C1294NCPDT.obj (.const:adc_chans)
                  000267f4    00000050                                       : i2c.obj (.const:g_ppui32I2CIntMapSnowflake)
                  00026844    00000044                                       : EthernetClient.obj (.const:_ZTV14EthernetClient)
                  00026888    00000040                                       : timer.obj (.const:g_ppui32TimerIntMapSnowflake)
                  000268c8    00000040                                       : uart.obj (.const:g_ppui32UARTIntMap)
                  00026908    00000040                                       : uart.obj (.const:g_ppui32UARTIntMapSnowflake)
                  00026948    00000040                                       : flash.obj (.const:g_pui32FMPPERegs)
                  00026988    00000040                                       : flash.obj (.const:g_pui32FMPRERegs)
                  000269c8    0000003c                                       : RoveI2C_TivaTM4C1294NCPDT.obj (.const:portRefToPeriphBase)
                  00026a04    0000003c                                       : DigitalPin_TivaTM4C1294NCPDT.obj (.const:portRefToPortBase)
                  00026a40    0000003c                                       : HardwareSerial.obj (.const:portRefToPortBase)
                  00026a7c    0000003c                                       : RoveI2C_TivaTM4C1294NCPDT.obj (.const:portRefToPortBase)
                  00026ab8    00000034     rtsv7M4_T_le_v4SPD16_eabi.lib : s_atanf.c.obj (.const:$O1$$)
                  00026aec    00000004     Roveboard tm4c1294ncpdt maker.lib : ip_addr.obj (.const:ip_addr_any)
                  00026af0    00000030     rtsv7M4_T_le_v4SPD16_eabi.lib : e_pow.c.obj (.const:$O1$$)
                  00026b20    00000030     GravityInertiaSystemStatus.obj (.const:$P$T2$1)
                  00026b50    00000030     GravityInertiaSystemStatus.obj (.const:$P$T3$2)
                  00026b80    00000030     Roveboard tm4c1294ncpdt maker.lib : i2c.obj (.const:g_ppui32I2CIntMap)
                  00026bb0    00000030                                       : sysctl.obj (.const:g_sXTALtoMEMTIM)
                  00026be0    0000002c                                       : tcp.obj (.const:tcp_state_str)
                  00026c0c    00000028                                       : RoveI2C_TivaTM4C1294NCPDT.obj (.const:i2cIndexToI2cBase)
                  00026c34    00000028                                       : RoveI2C_TivaTM4C1294NCPDT.obj (.const:i2cIndexToI2cPeriph)
                  00026c5c    00000028                                       : RovePwmRead_TivaTM4C1294NCPDT.obj (.const:pinToTimerNumberTable)
                  00026c84    00000025     rtsv7M4_T_le_v4SPD16_eabi.lib : typeinfo.c.obj (.const:.typeinfo:_ZTSN10__cxxabiv120__si_class_type_infoE)
                  00026ca9    00000022                                   : typeinfo.c.obj (.const:.typeinfo:_ZTSN10__cxxabiv117__class_type_infoE)
                  00026ccb    00000001     --HOLE-- [fill = 0]
                  00026ccc    00000020     Kinematics.obj (.const:$P$T0$1)
                  00026cec    00000020     Roveboard tm4c1294ncpdt maker.lib : RoveADC_TivaTM4C1294NCPDT.obj (.const:$P$T1$2)
                  00026d0c    00000020                                       : interrupt.obj (.const:g_pui32Priority)
                  00026d2c    00000020                                       : HardwareSerial.obj (.const:g_ulUARTBase)
                  00026d4c    00000020                                       : HardwareSerial.obj (.const:g_ulUARTInt)
                  00026d6c    00000020                                       : HardwareSerial.obj (.const:g_ulUARTPeriph)
                  00026d8c    00000018     Kinematics.obj (.const:$P$T1$2)
                  00026da4    00000018     DirectDiscreteHBridge.obj (.const:.typeinfo:_ZTS21DirectDiscreteHBridge)
                  00026dbc    00000018     SingleStopLimitSwitch.obj (.const:.typeinfo:_ZTS21SingleStopLimitSwitch)
                  00026dd4    00000018     DifferentialAxis.obj (.const:_ZTV10MotionAxis)
                  00026dec    00000018     Sdc2130.obj (.const:_ZTV12OutputDevice)
                  00026e04    00000018     SingleMotorAxis.obj (.const:_ZTV15SingleMotorAxis)
                  00026e1c    00000018     DifferentialAxis.obj (.const:_ZTV16DifferentialAxis)
                  00026e34    00000018     RCContinuousServo.obj (.const:_ZTV17RCContinuousServo)
                  00026e4c    00000018     GenPwmPhaseHBridge.obj (.const:_ZTV18GenPwmPhaseHBridge)
                  00026e64    00000018     VNH5019WithPCA9685.obj (.const:_ZTV18VNH5019WithPCA9685)
                  00026e7c    00000018     BTM7752GwithPCA9685.obj (.const:_ZTV19BTM7752GwithPCA9685)
                  00026e94    00000018     DirectDiscreteHBridge.obj (.const:_ZTV21DirectDiscreteHBridge)
                  00026eac    00000018     Sdc2130.obj (.const:_ZTV7Sdc2130)
                  00026ec4    00000018     VNH5019.obj (.const:_ZTV7VNH5019)
                  00026edc    00000018     Roveboard tm4c1294ncpdt maker.lib : emac.obj (.const:g_pi16MIIClockDiv)
                  00026ef4    00000018                                       : RovePwmRead_TivaTM4C1294NCPDT.obj (.const:timerBaseTable)
                  00026f0c    00000016     BTM7752GwithPCA9685.obj (.const:.typeinfo:_ZTS19BTM7752GwithPCA9685)
                  00026f22    00000016     TtoPPOpenLConverter.obj (.const:.typeinfo:_ZTS19TtoPPOpenLConverter)
                  00026f38    00000015     GenPwmPhaseHBridge.obj (.const:.typeinfo:_ZTS18GenPwmPhaseHBridge)
                  00026f4d    00000015     GravityCompensator.obj (.const:.typeinfo:_ZTS18GravityCompensator)
                  00026f62    00000015     VNH5019WithPCA9685.obj (.const:.typeinfo:_ZTS18VNH5019WithPCA9685)
                  00026f77    00000014     Roveboard tm4c1294ncpdt maker.lib : RoveADC_TivaTM4C1294NCPDT.obj (.const:.string:adc_chan_pin)
                  00026f8b    00000014     RCContinuousServo.obj (.const:.typeinfo:_ZTS17RCContinuousServo)
                  00026f9f    00000001     --HOLE-- [fill = 0]
                  00026fa0    00000014     Roveboard tm4c1294ncpdt maker.lib : EthernetServer.obj (.const:_ZTV14EthernetServer)
                  00026fb4    00000014                                       : interrupt.obj (.const:g_pui32Dii16Regs)
                  00026fc8    00000014                                       : interrupt.obj (.const:g_pui32EnRegs)
                  00026fdc    00000014                                       : interrupt.obj (.const:g_pui32PendRegs)
                  00026ff0    00000014                                       : interrupt.obj (.const:g_pui32UnpendRegs)
                  00027004    00000014                                       : RovePwmRead_TivaTM4C1294NCPDT.obj (.const:pinPortBaseTable)
                  00027018    00000014                                       : RovePwmRead_TivaTM4C1294NCPDT.obj (.const:pinPortPeriphTable)
                  0002702c    00000013     DifferentialAxis.obj (.const:.typeinfo:_ZTS16DifferentialAxis)
                  0002703f    00000013     DualLimitSwitch.obj (.const:.typeinfo:_ZTS16StopcapMechanism)
                  00027052    00000012     DualLimitSwitch.obj (.const:.typeinfo:_ZTS15DualLimitSwitch)
                  00027064    00000012     SingleMotorAxis.obj (.const:.typeinfo:_ZTS15SingleMotorAxis)
                  00027076    00000012     VelocityDeriver.obj (.const:.typeinfo:_ZTS15VelocityDeriver)
                  00027088    00000011     Roveboard tm4c1294ncpdt maker.lib : EthernetClient.obj (.const:.typeinfo:_ZTS14EthernetClient)
                  00027099    00000011                                       : EthernetServer.obj (.const:.typeinfo:_ZTS14EthernetServer)
                  000270aa    00000011     VelocityDeriver.obj (.const:.typeinfo:_ZTS14FeedbackDevice)
                  000270bb    00000010     Ma3Encoder12b.obj (.const:.typeinfo:_ZTS13Ma3Encoder12b)
                  000270cb    00000001     --HOLE-- [fill = 0]
                  000270cc    00000010     GravityCompensator.obj (.const:_ZTV11IOConverter)
                  000270dc    00000010     PIAlgorithm.obj (.const:_ZTV11PIAlgorithm)
                  000270ec    00000010     PIVConverter.obj (.const:_ZTV12PIVConverter)
                  000270fc    00000010     Ma3Encoder12b.obj (.const:_ZTV13Ma3Encoder12b)
                  0002710c    00000010     VelocityDeriver.obj (.const:_ZTV14FeedbackDevice)
                  0002711c    00000010     VelocityDeriver.obj (.const:_ZTV15VelocityDeriver)
                  0002712c    00000010     GravityCompensator.obj (.const:_ZTV18GravityCompensator)
                  0002713c    00000010     TtoPPOpenLConverter.obj (.const:_ZTV19TtoPPOpenLConverter)
                  0002714c    00000010     rtsv7M4_T_le_v4SPD16_eabi.lib : typeinfo.c.obj (.const:_ZTVN10__cxxabiv117__class_type_infoE)
                  0002715c    00000010                                   : typeinfo.c.obj (.const:_ZTVN10__cxxabiv120__si_class_type_infoE)
                  0002716c    00000010     Roveboard tm4c1294ncpdt maker.lib : RoveADC_TivaTM4C1294NCPDT.obj (.const:adc_ssfstat)
                  0002717c    00000010                                       : memp.obj (.const:memp_num)
                  0002718c    00000010                                       : memp.obj (.const:memp_sizes)
                  0002719c    00000010                                       : tcp.obj (.const:tcp_pcb_lists)
                  000271ac    0000000f     Sdc2130.obj (.const:.typeinfo:_ZTS12OutputDevice)
                  000271bb    0000000f     PIVConverter.obj (.const:.typeinfo:_ZTS12PIVConverter)
                  000271ca    0000000e     GravityCompensator.obj (.const:.typeinfo:_ZTS11IOConverter)
                  000271d8    0000000e     PIAlgorithm.obj (.const:.typeinfo:_ZTS11PIAlgorithm)
                  000271e6    0000000d     Roveboard tm4c1294ncpdt maker.lib : tcp.obj (.const:.string:tcp_backoff)
                  000271f3    0000000d     DifferentialAxis.obj (.const:.typeinfo:_ZTS10MotionAxis)
                  00027200    0000000d     rtsv7M4_T_le_v4SPD16_eabi.lib : stdlib_typeinfo.cpp.obj (.const:.typeinfo:_ZTSSt9type_info)
                  0002720d    00000003     --HOLE-- [fill = 0]
                  00027210    0000000c     PIAlgorithm.obj (.const:.typeinfo:_ZTI11PIAlgorithm)
                  0002721c    0000000c     PIVConverter.obj (.const:.typeinfo:_ZTI12PIVConverter)
                  00027228    0000000c     Ma3Encoder12b.obj (.const:.typeinfo:_ZTI13Ma3Encoder12b)
                  00027234    0000000c     DualLimitSwitch.obj (.const:.typeinfo:_ZTI15DualLimitSwitch)
                  00027240    0000000c     SingleMotorAxis.obj (.const:.typeinfo:_ZTI15SingleMotorAxis)
                  0002724c    0000000c     VelocityDeriver.obj (.const:.typeinfo:_ZTI15VelocityDeriver)
                  00027258    0000000c     DifferentialAxis.obj (.const:.typeinfo:_ZTI16DifferentialAxis)
                  00027264    0000000c     RCContinuousServo.obj (.const:.typeinfo:_ZTI17RCContinuousServo)
                  00027270    0000000c     GenPwmPhaseHBridge.obj (.const:.typeinfo:_ZTI18GenPwmPhaseHBridge)
                  0002727c    0000000c     GravityCompensator.obj (.const:.typeinfo:_ZTI18GravityCompensator)
                  00027288    0000000c     VNH5019WithPCA9685.obj (.const:.typeinfo:_ZTI18VNH5019WithPCA9685)
                  00027294    0000000c     BTM7752GwithPCA9685.obj (.const:.typeinfo:_ZTI19BTM7752GwithPCA9685)
                  000272a0    0000000c     TtoPPOpenLConverter.obj (.const:.typeinfo:_ZTI19TtoPPOpenLConverter)
                  000272ac    0000000c     DirectDiscreteHBridge.obj (.const:.typeinfo:_ZTI21DirectDiscreteHBridge)
                  000272b8    0000000c     SingleStopLimitSwitch.obj (.const:.typeinfo:_ZTI21SingleStopLimitSwitch)
                  000272c4    0000000c     Sdc2130.obj (.const:.typeinfo:_ZTI7Sdc2130)
                  000272d0    0000000c     VNH5019.obj (.const:.typeinfo:_ZTI7VNH5019)
                  000272dc    0000000c     rtsv7M4_T_le_v4SPD16_eabi.lib : typeinfo.c.obj (.const:.typeinfo:_ZTIN10__cxxabiv117__class_type_infoE)
                  000272e8    0000000c                                   : typeinfo.c.obj (.const:.typeinfo:_ZTIN10__cxxabiv120__si_class_type_infoE)
                  000272f4    0000000c     Kinematics.obj (.const:OpPointOffset)
                  00027300    0000000c     DualLimitSwitch.obj (.const:_ZTV15DualLimitSwitch)
                  0002730c    0000000c     DualLimitSwitch.obj (.const:_ZTV16StopcapMechanism)
                  00027318    0000000c     SingleStopLimitSwitch.obj (.const:_ZTV21SingleStopLimitSwitch)
                  00027324    00000009     Sdc2130.obj (.const:.typeinfo:_ZTS7Sdc2130)
                  0002732d    00000009     VNH5019.obj (.const:.typeinfo:_ZTS7VNH5019)
                  00027336    00000008     Roveboard tm4c1294ncpdt maker.lib : RoveADC_TivaTM4C1294NCPDT.obj (.const:.string:$P$T0$1)
                  0002733e    00000008                                       : RovePwmRead_TivaTM4C1294NCPDT.obj (.const:.string:pinMacroTable)
                  00027346    00000002     --HOLE-- [fill = 0]
                  00027348    00000008     DifferentialAxis.obj (.const:.typeinfo:_ZTI10MotionAxis)
                  00027350    00000008     GravityCompensator.obj (.const:.typeinfo:_ZTI11IOConverter)
                  00027358    00000008     Sdc2130.obj (.const:.typeinfo:_ZTI12OutputDevice)
                  00027360    00000008     Roveboard tm4c1294ncpdt maker.lib : EthernetClient.obj (.const:.typeinfo:_ZTI14EthernetClient)
                  00027368    00000008                                       : EthernetServer.obj (.const:.typeinfo:_ZTI14EthernetServer)
                  00027370    00000008     VelocityDeriver.obj (.const:.typeinfo:_ZTI14FeedbackDevice)
                  00027378    00000008     DualLimitSwitch.obj (.const:.typeinfo:_ZTI16StopcapMechanism)
                  00027380    00000008     rtsv7M4_T_le_v4SPD16_eabi.lib : stdlib_typeinfo.cpp.obj (.const:.typeinfo:_ZTISt9type_info)
                  00027388    00000008     Roveboard tm4c1294ncpdt maker.lib : gpio.obj (.const)
                  00027390    00000008                                       : i2c.obj (.const)
                  00027398    00000008                                       : timer.obj (.const)
                  000273a0    00000008                                       : uart.obj (.const)
                  000273a8    00000008                                       : sysctl.obj (.const:g_pui32VCOFrequencies)
                  000273b0    00000007                                       : tcp.obj (.const:.string:tcp_persist_backoff)
                  000273b7    00000006                                       : etharp.obj (.const:ethbroadcast)
                  000273bd    00000006                                       : etharp.obj (.const:ethzero)
                  000273c3    00000001     --HOLE-- [fill = 0]
                  000273c4    00000004                                       : ip_addr.obj (.const:ip_addr_broadcast)

.cinit     0    00027448    00000168     
                  00027448    00000133     (.cinit..data.load) [load image, compression = lzss]
                  0002757b    00000001     --HOLE-- [fill = 0]
                  0002757c    0000000c     (__TI_handler_table)
                  00027588    00000008     (.cinit..bss.load) [load image, compression = zero_init]
                  00027590    00000008     (.cinit..vtable.load) [load image, compression = zero_init]
                  00027598    00000018     (__TI_cinit_table)

.init_array 
*          0    000273c8    0000007c     
                  000273c8    00000004     Roveboard tm4c1294ncpdt maker.lib : HardwareSerial.obj (.init_array)
                  000273cc    00000004                                       : EthernetServer.obj (.init_array)
                  000273d0    00000004                                       : EthernetClient.obj (.init_array)
                  000273d4    00000004                                       : RoveTimer_TivaTM4C1294NCPDT.obj (.init_array)
                  000273d8    00000004                                       : RovePwmWrite_TivaTM4C1294NCPDT.obj (.init_array)
                  000273dc    00000004                                       : RoveEthernet_TivaTM4C1294NCPDT.obj (.init_array)
                  000273e0    00000004                                       : RoveADC_TivaTM4C1294NCPDT.obj (.init_array)
                  000273e4    00000004                                       : IPAddress.obj (.init_array)
                  000273e8    00000004     SingleStopLimitSwitch.obj (.init_array)
                  000273ec    00000004     DualLimitSwitch.obj (.init_array)
                  000273f0    00000004     VNH5019WithPCA9685.obj (.init_array)
                  000273f4    00000004     VNH5019.obj (.init_array)
                  000273f8    00000004     RCContinuousServo.obj (.init_array)
                  000273fc    00000004     GenPwmPhaseHBridge.obj (.init_array)
                  00027400    00000004     DirectDiscreteHBridge.obj (.init_array)
                  00027404    00000004     BTM7752GwithPCA9685.obj (.init_array)
                  00027408    00000004     TtoPPOpenLConverter.obj (.init_array)
                  0002740c    00000004     PIAlgorithm.obj (.init_array)
                  00027410    00000004     Ma3Encoder12b.obj (.init_array)
                  00027414    00000004     VelocityDeriver.obj (.init_array)
                  00027418    00000004     PIVConverter.obj (.init_array)
                  0002741c    00000004     GravityInertiaSystemStatus.obj (.init_array)
                  00027420    00000004     GravityCompensator.obj (.init_array)
                  00027424    00000004     Sdc2130.obj (.init_array)
                  00027428    00000004     DynamixelController.obj (.init_array)
                  0002742c    00000004     AbstractFramework.obj (.init_array)
                  00027430    00000004     RoveDynamixel.obj (.init_array)
                  00027434    00000004     RoveComm.obj (.init_array)
                  00027438    00000004     main.obj (.init_array)
                  0002743c    00000004     RMCInstances.obj (.init_array)
                  00027440    00000004     Kinematics.obj (.init_array)

.vtable    0    20000000    0000026c     UNINITIALIZED
                  20000000    0000026c     Roveboard tm4c1294ncpdt maker.lib : interrupt.obj (.vtable)

.stack     0    20000270    00020000     UNINITIALIZED
                  20000270    00000004     rtsv7M4_T_le_v4SPD16_eabi.lib : boot_cortex_m.c.obj (.stack)
                  20000274    0001fffc     --HOLE--

.bss       0    20020270    0001997d     UNINITIALIZED
                  20020270    0001001c     (.common:ram_heap)
                  2003028c    000073d4     Roveboard tm4c1294ncpdt maker.lib : memp.obj (.bss:memp_memory)
                  20037660    000005dc     (.common:RoveCommBuffer)
                  20037c3c    00000460                                       : dns.obj (.bss:dns_table)
                  2003809c    00000360     (.common:g_pTxDescriptors)
                  200383fc    0000022c                                       : RoveEthernet_TivaTM4C1294NCPDT.obj (.bss:data)
                  20038628    00000204                                       : dns.obj (.bss:dns_payload_buffer)
                  2003882c    00000120     (.common:g_pRxDescriptors)
                  2003894c    00000120     (.common:lwip_stats)
                  20038a6c    000000c8                                       : etharp.obj (.bss:arp_table)
                  20038b34    00000004                                       : RoveEthernet_TivaTM4C1294NCPDT.obj (.bss:CLASS_A_SUBNET)
                  20038b38    000000a0                                       : RoveADC_TivaTM4C1294NCPDT.obj (.bss:Adc0S0)
                  20038bd8    000000a0                                       : RoveADC_TivaTM4C1294NCPDT.obj (.bss:Adc0S1)
                  20038c78    000000a0                                       : RoveADC_TivaTM4C1294NCPDT.obj (.bss:Adc0S2)
                  20038d18    000000a0                                       : RoveADC_TivaTM4C1294NCPDT.obj (.bss:Adc0S3)
                  20038db8    000000a0                                       : RoveADC_TivaTM4C1294NCPDT.obj (.bss:Adc1S0)
                  20038e58    000000a0                                       : RoveADC_TivaTM4C1294NCPDT.obj (.bss:Adc1S1)
                  20038ef8    000000a0                                       : RoveADC_TivaTM4C1294NCPDT.obj (.bss:Adc1S2)
                  20038f98    000000a0                                       : RoveADC_TivaTM4C1294NCPDT.obj (.bss:Adc1S3)
                  20039038    0000003c                                       : lwiplib.obj (.bss:g_sNetIF)
                  20039074    0000003c                                       : RoveTimer_TivaTM4C1294NCPDT.obj (.bss:timer0Data)
                  200390b0    0000003c                                       : RoveTimer_TivaTM4C1294NCPDT.obj (.bss:timer1Data)
                  200390ec    0000003c                                       : RoveTimer_TivaTM4C1294NCPDT.obj (.bss:timer2Data)
                  20039128    0000003c                                       : RoveTimer_TivaTM4C1294NCPDT.obj (.bss:timer3Data)
                  20039164    0000003c                                       : RoveTimer_TivaTM4C1294NCPDT.obj (.bss:timer4Data)
                  200391a0    0000003c                                       : RoveTimer_TivaTM4C1294NCPDT.obj (.bss:timer5Data)
                  200391dc    0000003c                                       : RoveTimer_TivaTM4C1294NCPDT.obj (.bss:timer6Data)
                  20039218    0000003c                                       : RoveTimer_TivaTM4C1294NCPDT.obj (.bss:timer7Data)
                  20039254    00000034     RMCInstances.obj (.bss:baseRotateJointAlg)
                  20039288    00000034     RMCInstances.obj (.bss:baseRotateJointEncoder)
                  200392bc    00000034     RMCInstances.obj (.bss:baseTiltJointAlg)
                  200392f0    00000034     RMCInstances.obj (.bss:baseTiltJointEncoder)
                  20039324    00000034     RMCInstances.obj (.bss:elbowRotateJointAlg)
                  20039358    00000034     RMCInstances.obj (.bss:elbowRotateJointEncoder)
                  2003938c    00000034     RMCInstances.obj (.bss:elbowTiltJointAlg)
                  200393c0    00000034     RMCInstances.obj (.bss:elbowTiltJointEncoder)
                  200393f4    00000034     RMCInstances.obj (.bss:wristRotateJointAlg)
                  20039428    00000034     RMCInstances.obj (.bss:wristRotateJointEncoder)
                  2003945c    00000034     RMCInstances.obj (.bss:wristTiltJointAlg)
                  20039490    00000034     RMCInstances.obj (.bss:wristTiltJointEncoder)
                  200394c4    0000002c     RMCInstances.obj (.bss:wristRotateJoint)
                  200394f0    0000002c     RMCInstances.obj (.bss:wristTiltJoint)
                  2003951c    00000028     Roveboard tm4c1294ncpdt maker.lib : HardwareSerial.obj (.bss:Serial1)
                  20039544    00000028                                       : HardwareSerial.obj (.bss:Serial2)
                  2003956c    00000028                                       : HardwareSerial.obj (.bss:Serial3)
                  20039594    00000028                                       : HardwareSerial.obj (.bss:Serial4)
                  200395bc    00000028                                       : HardwareSerial.obj (.bss:Serial5)
                  200395e4    00000028                                       : HardwareSerial.obj (.bss:Serial6)
                  2003960c    00000028                                       : HardwareSerial.obj (.bss:Serial7)
                  20039634    00000028                                       : HardwareSerial.obj (.bss:Serial)
                  2003965c    00000004                                       : RoveEthernet_TivaTM4C1294NCPDT.obj (.bss:CLASS_B_SUBNET)
                  20039660    00000028                                       : RovePwmRead_TivaTM4C1294NCPDT.obj (.bss:timer0Data)
                  20039688    00000028                                       : RovePwmRead_TivaTM4C1294NCPDT.obj (.bss:timer1Data)
                  200396b0    00000028                                       : RovePwmRead_TivaTM4C1294NCPDT.obj (.bss:timer2Data)
                  200396d8    00000028                                       : RovePwmRead_TivaTM4C1294NCPDT.obj (.bss:timer3Data)
                  20039700    00000028                                       : RovePwmRead_TivaTM4C1294NCPDT.obj (.bss:timer4Data)
                  20039728    00000028                                       : RovePwmRead_TivaTM4C1294NCPDT.obj (.bss:timer5Data)
                  20039750    00000028     (.common:dhcp_rx_options_val)
                  20039778    00000020                                       : Clocking_TivaTM4C1294NCPDT.obj (.bss:SysTickCbFuncs)
                  20039798    00000020                                       : memp.obj (.bss:memp_tab)
                  200397b8    00000020                                       : HardwareSerial.obj (.bss:receiveCbFuncs)
                  200397d8    00000020                                       : HardwareSerial.obj (.bss:transmitCbFuncs)
                  200397f8    0000001c     rtsv7M4_T_le_v4SPD16_eabi.lib : vla_alloc.c.obj (.bss:$O1$$)
                  20039814    0000001c     Roveboard tm4c1294ncpdt maker.lib : tcp_in.obj (.bss)
                  20039830    0000001c     RMCInstances.obj (.bss:baseRotateDriver)
                  2003984c    0000001c     RMCInstances.obj (.bss:baseTiltDriver)
                  20039868    0000001c     RMCInstances.obj (.bss:elbowRotateDriver)
                  20039884    0000001c     RMCInstances.obj (.bss:elbowTiltDriver)
                  200398a0    0000001c     RMCInstances.obj (.bss:gripperDriver)
                  200398bc    0000001c     RMCInstances.obj (.bss:pokerDriver)
                  200398d8    0000001c     RMCInstances.obj (.bss:wristRotateDriver)
                  200398f4    0000001c     RMCInstances.obj (.bss:wristTiltDriver)
                  20039910    00000018     RMCInstances.obj (.bss:baseRotateJoint)
                  20039928    00000018     RMCInstances.obj (.bss:baseTiltJoint)
                  20039940    00000018     RMCInstances.obj (.bss:elbowRotateJoint)
                  20039958    00000018     RMCInstances.obj (.bss:elbowTiltJoint)
                  20039970    00000018     RMCInstances.obj (.bss:gripper)
                  20039988    00000018     RMCInstances.obj (.bss:poker)
                  200399a0    00000014     Roveboard tm4c1294ncpdt maker.lib : RoveADC_TivaTM4C1294NCPDT.obj (.bss:Adc0)
                  200399b4    00000014                                       : RoveADC_TivaTM4C1294NCPDT.obj (.bss:Adc1)
                  200399c8    00000014     RoveComm.obj (.bss:RoveCommSubscribers)
                  200399dc    00000010     Roveboard tm4c1294ncpdt maker.lib : tcp_in.obj (.bss:inseg)
                  200399ec    00000004                                       : RoveEthernet_TivaTM4C1294NCPDT.obj (.bss:CLASS_C_SUBNET)
                  200399f0    00000010     main.obj (.bss)
                  20039a00    00000010     Roveboard tm4c1294ncpdt maker.lib : ip_addr.obj (.bss:str$1)
                  20039a10    0000000c                                       : dns.obj (.bss)
                  20039a1c    0000000c                                       : lwiplib.obj (.bss)
                  20039a28    0000000c                                       : mem.obj (.bss)
                  20039a34    0000000c                                       : timers.obj (.bss)
                  20039a40    0000000c     RMCInstances.obj (.bss:baseTiltSwitches)
                  20039a4c    0000000c     RMCInstances.obj (.bss:elbowTiltSwitches)
                  20039a58    0000000c     Roveboard tm4c1294ncpdt maker.lib : RovePwmWrite_TivaTM4C1294NCPDT.obj (.bss:mod0Data)
                  20039a64    0000000c                                       : RovePwmWrite_TivaTM4C1294NCPDT.obj (.bss:mod1Data)
                  20039a70    0000000c                                       : RovePwmWrite_TivaTM4C1294NCPDT.obj (.bss:mod2Data)
                  20039a7c    0000000c                                       : RovePwmWrite_TivaTM4C1294NCPDT.obj (.bss:mod3Data)
                  20039a88    0000000c     Kinematics.obj (.bss:opPointOffset)
                  20039a94    0000000c     (.common:dhcp_rx_options_given)
                  20039aa0    0000000c     (.common:tm4c1294ncpdt_blockFreshTable)
                  20039aac    0000000c     (.common:tm4c1294ncpdt_blockUsedTable)
                  20039ab8    00000008     RMCInstances.obj (.bss:baseRotateSwitch)
                  20039ac0    00000008     Roveboard tm4c1294ncpdt maker.lib : dns.obj (.bss:dns_servers)
                  20039ac8    00000008                                       : RoveEthernet_TivaTM4C1294NCPDT.obj (.bss:macArray)
                  20039ad0    00000008     (.common:relOutput)
                  20039ad8    00000004     AbstractFramework.obj (.bss:INADDR_NONE)
                  20039adc    00000004     BTM7752GwithPCA9685.obj (.bss:INADDR_NONE)
                  20039ae0    00000004     DirectDiscreteHBridge.obj (.bss:INADDR_NONE)
                  20039ae4    00000004     DualLimitSwitch.obj (.bss:INADDR_NONE)
                  20039ae8    00000004     DynamixelController.obj (.bss:INADDR_NONE)
                  20039aec    00000004     GenPwmPhaseHBridge.obj (.bss:INADDR_NONE)
                  20039af0    00000004     GravityCompensator.obj (.bss:INADDR_NONE)
                  20039af4    00000004     GravityInertiaSystemStatus.obj (.bss:INADDR_NONE)
                  20039af8    00000004     Kinematics.obj (.bss:INADDR_NONE)
                  20039afc    00000004     Ma3Encoder12b.obj (.bss:INADDR_NONE)
                  20039b00    00000004     PIAlgorithm.obj (.bss:INADDR_NONE)
                  20039b04    00000004     PIVConverter.obj (.bss:INADDR_NONE)
                  20039b08    00000004     RCContinuousServo.obj (.bss:INADDR_NONE)
                  20039b0c    00000004     RMCInstances.obj (.bss:INADDR_NONE)
                  20039b10    00000004     RoveComm.obj (.bss:INADDR_NONE)
                  20039b14    00000004     RoveDynamixel.obj (.bss:INADDR_NONE)
                  20039b18    00000004     Roveboard tm4c1294ncpdt maker.lib : EthernetClient.obj (.bss:INADDR_NONE)
                  20039b1c    00000004                                       : EthernetServer.obj (.bss:INADDR_NONE)
                  20039b20    00000004                                       : IPAddress.obj (.bss:INADDR_NONE)
                  20039b24    00000004                                       : RoveEthernet_TivaTM4C1294NCPDT.obj (.bss:INADDR_NONE)
                  20039b28    00000004     Sdc2130.obj (.bss:INADDR_NONE)
                  20039b2c    00000004     SingleStopLimitSwitch.obj (.bss:INADDR_NONE)
                  20039b30    00000004     TtoPPOpenLConverter.obj (.bss:INADDR_NONE)
                  20039b34    00000004     VNH5019.obj (.bss:INADDR_NONE)
                  20039b38    00000004     VNH5019WithPCA9685.obj (.bss:INADDR_NONE)
                  20039b3c    00000004     VelocityDeriver.obj (.bss:INADDR_NONE)
                  20039b40    00000004     main.obj (.bss:INADDR_NONE)
                  20039b44    00000004     Kinematics.obj (.bss)
                  20039b48    00000004     RMCInstances.obj (.bss)
                  20039b4c    00000004     Roveboard tm4c1294ncpdt maker.lib : Clocking_TivaTM4C1294NCPDT.obj (.bss)
                  20039b50    00000004                                       : raw.obj (.bss)
                  20039b54    00000004     main.obj (.bss:baseRotateCurrentRead)
                  20039b58    00000004     main.obj (.bss:baseTiltCurrentRead)
                  20039b5c    00000004     main.obj (.bss:elbowRotateCurrentRead)
                  20039b60    00000004     main.obj (.bss:elbowTiltCurrentRead)
                  20039b64    00000004     Roveboard tm4c1294ncpdt maker.lib : adc.obj (.bss:g_pui8OversampleFactor)
                  20039b68    00000004     main.obj (.bss:masterCurrentRead)
                  20039b6c    00000004     Roveboard tm4c1294ncpdt maker.lib : RoveEthernet_TivaTM4C1294NCPDT.obj (.bss:receiveCbFuncs)
                  20039b70    00000004     rtsv7M4_T_le_v4SPD16_eabi.lib : new.cpp.obj (.bss)
                  20039b74    00000004     main.obj (.bss:timer6Handle)
                  20039b78    00000004     main.obj (.bss:timer7Handle)
                  20039b7c    00000004     main.obj (.bss:wristRotateCurrentRead)
                  20039b80    00000004     main.obj (.bss:wristTiltCurrentRead)
                  20039b84    00000004     (.common:__dso_handle)
                  20039b88    00000004     (.common:baseRotateJointDestination)
                  20039b8c    00000004     (.common:baseTiltJointDestination)
                  20039b90    00000004     (.common:current_header)
                  20039b94    00000004     (.common:current_iphdr_dest)
                  20039b98    00000004     (.common:current_iphdr_src)
                  20039b9c    00000004     (.common:current_netif)
                  20039ba0    00000004     (.common:elbowRotateJointDestination)
                  20039ba4    00000004     (.common:elbowTiltJointDestination)
                  20039ba8    00000004     (.common:g_pfnTimerHandler)
                  20039bac    00000004     (.common:g_ui32AbnormalInts)
                  20039bb0    00000004     (.common:g_ui32NormalInts)
                  20039bb4    00000004     (.common:netif_default)
                  20039bb8    00000004     (.common:netif_list)
                  20039bbc    00000004     (.common:tcp_active_pcbs)
                  20039bc0    00000004     (.common:tcp_bound_pcbs)
                  20039bc4    00000004     (.common:tcp_input_pcb)
                  20039bc8    00000004     (.common:tcp_listen_pcbs)
                  20039bcc    00000004     (.common:tcp_ticks)
                  20039bd0    00000004     (.common:tcp_tmp_pcb)
                  20039bd4    00000004     (.common:tcp_tw_pcbs)
                  20039bd8    00000004     (.common:udp_pcbs)
                  20039bdc    00000004     (.common:wristRotateJointDestination)
                  20039be0    00000004     (.common:wristTiltJointDestination)
                  20039be4    00000002     Roveboard tm4c1294ncpdt maker.lib : ip.obj (.bss)
                  20039be6    00000002                                       : tcp.obj (.bss)
                  20039be8    00000001                                       : etharp.obj (.bss)
                  20039be9    00000001                                       : netif.obj (.bss)
                  20039bea    00000001     (.common:currentControlSystem)
                  20039beb    00000001     (.common:pbuf_free_ooseq_pending)
                  20039bec    00000001     (.common:tcp_active_pcbs_changed)

.sysmem    0    20039bf0    00004000     UNINITIALIZED
                  20039bf0    00000008     rtsv7M4_T_le_v4SPD16_eabi.lib : memory.c.obj (.sysmem)
                  20039bf8    00003ff8     --HOLE--

.data      0    2003dbf0    00000ab9     UNINITIALIZED
                  2003dbf0    00000180     Roveboard tm4c1294ncpdt maker.lib : RovePwmWrite_TivaTM4C1294NCPDT.obj (.data:pinMapToGPIOPortBase)
                  2003dd70    00000180                                       : RovePwmWrite_TivaTM4C1294NCPDT.obj (.data:pinMapToPWMPin)
                  2003def0    00000180                                       : RovePwmWrite_TivaTM4C1294NCPDT.obj (.data:pinMapToPWMPinBit)
                  2003e070    00000180                                       : RovePwmWrite_TivaTM4C1294NCPDT.obj (.data:pinMapToPinPortPeriph)
                  2003e1f0    00000180                                       : RovePwmWrite_TivaTM4C1294NCPDT.obj (.data:pinMapToPwmGen)
                  2003e370    00000180                                       : RovePwmWrite_TivaTM4C1294NCPDT.obj (.data:pinMapToPwmPinConfig)
                  2003e4f0    00000060                                       : RovePwmWrite_TivaTM4C1294NCPDT.obj (.data:pinMapToGPIOPinMask)
                  2003e550    00000029                                       : lwiplib.obj (.data)
                  2003e579    00000001     BTM7752GwithPCA9685.obj (.data)
                  2003e57a    00000002     Roveboard tm4c1294ncpdt maker.lib : udp.obj (.data)
                  2003e57c    00000024     main.obj (.data)
                  2003e5a0    00000020     Roveboard tm4c1294ncpdt maker.lib : RoveUart_TivaTM4C1294NCPDT.obj (.data:uartArray)
                  2003e5c0    00000018                                       : DigitalPin_TivaTM4C1294NCPDT.obj (.data:constToPinStrength)
                  2003e5d8    00000018     Kinematics.obj (.data:destPositions)
                  2003e5f0    00000018     Kinematics.obj (.data:outputAngles)
                  2003e608    00000018     Kinematics.obj (.data:presentCoordinates)
                  2003e620    00000010     Roveboard tm4c1294ncpdt maker.lib : tiva-tm4c129.obj (.data:g_RxDescList)
                  2003e630    00000010                                       : tiva-tm4c129.obj (.data:g_TxDescList)
                  2003e640    0000000c     rtsv7M4_T_le_v4SPD16_eabi.lib : exit.c.obj (.data:$O1$$)
                  2003e64c    0000000c                                   : memory.c.obj (.data:$O1$$)
                  2003e658    0000000c     Roveboard tm4c1294ncpdt maker.lib : tiva-tm4c129.obj (.data:g_StellarisIFData)
                  2003e664    00000008     rtsv7M4_T_le_v4SPD16_eabi.lib : _lock.c.obj (.data:$O1$$)
                  2003e66c    00000008     PIVConverter.obj (.data)
                  2003e674    00000008     Roveboard tm4c1294ncpdt maker.lib : tcp.obj (.data)
                  2003e67c    00000008                                       : RovePwmWrite_TivaTM4C1294NCPDT.obj (.data:pinMapToAlignment)
                  2003e684    00000004                                       : Clocking_TivaTM4C1294NCPDT.obj (.data)
                  2003e688    00000004                                       : RoveADC_TivaTM4C1294NCPDT.obj (.data)
                  2003e68c    00000004                                       : dhcp.obj (.data)
                  2003e690    00000004                                       : tiva-tm4c129.obj (.data)
                  2003e694    00000004                                       : RoveTimer_TivaTM4C1294NCPDT.obj (.data:intIdToTivawareConfig)
                  2003e698    00000004                                       : RoveTimer_TivaTM4C1294NCPDT.obj (.data:intIdToTivawareIntA)
                  2003e69c    00000004     rtsv7M4_T_le_v4SPD16_eabi.lib : dtor_list.c.obj (.data)
                  2003e6a0    00000004                                   : errno.c.obj (.data)
                  2003e6a4    00000001     Roveboard tm4c1294ncpdt maker.lib : EthernetServer.obj (.data)
                  2003e6a5    00000001                                       : RoveEthernet_TivaTM4C1294NCPDT.obj (.data)
                  2003e6a6    00000001                                       : RovePwmRead_TivaTM4C1294NCPDT.obj (.data)
                  2003e6a7    00000001                                       : SysInit_TivaTM4C1294NCPDT.obj (.data)
                  2003e6a8    00000001     VNH5019WithPCA9685.obj (.data)

MODULE SUMMARY

       Module                               code     ro data   rw data
       ------                               ----     -------   -------
    .\
       Kinematics.obj                       7022     72        125    
       main.obj                             5592     4         92     
       RMCInstances.obj                     816      4         1120   
       tm4c129encpdt_startup_ccs.obj        12       520       0      
    +--+------------------------------------+--------+---------+---------+
       Total:                               13442    600       1337   
                                                                      
    .\Roveware\
       RoveDynamixel.obj                    2432     4         4      
       RoveComm.obj                         904      4         1524   
    +--+------------------------------------+--------+---------+---------+
       Total:                               3336     8         1528   
                                                                      
    .\Roveware\RoveMotionControl\
       AbstractFramework.obj                896      4         4      
    +--+------------------------------------+--------+---------+---------+
       Total:                               896      4         4      
                                                                      
    .\Roveware\RoveMotionControl\Deprecated\
       Sdc2130.obj                          464      96        4      
       DynamixelController.obj              24       4         4      
    +--+------------------------------------+--------+---------+---------+
       Total:                               488      100       8      
                                                                      
    .\Roveware\RoveMotionControl\Experimental\
       GravityInertiaSystemStatus.obj       5180     100       4      
       PIVConverter.obj                     2448     47        12     
       GravityCompensator.obj               1118     91        4      
       VelocityDeriver.obj                  804      91        4      
    +--+------------------------------------+--------+---------+---------+
       Total:                               9550     329       24     
                                                                      
    .\Roveware\RoveMotionControl\FeedbackDevices\
       Ma3Encoder12b.obj                    1372     48        4      
    +--+------------------------------------+--------+---------+---------+
       Total:                               1372     48        4      
                                                                      
    .\Roveware\RoveMotionControl\IOConverters\
       PIAlgorithm.obj                      2388     46        4      
       TtoPPOpenLConverter.obj              992      54        4      
    +--+------------------------------------+--------+---------+---------+
       Total:                               3380     100       8      
                                                                      
    .\Roveware\RoveMotionControl\MotionAxises\
       DifferentialAxis.obj                 1246     100       0      
       SingleMotorAxis.obj                  484      54        0      
    +--+------------------------------------+--------+---------+---------+
       Total:                               1730     154       0      
                                                                      
    .\Roveware\RoveMotionControl\OutputDevices\
       BTM7752GwithPCA9685.obj              1334     62        5      
       VNH5019WithPCA9685.obj               1028     65        5      
       GenPwmPhaseHBridge.obj               908      61        4      
       DirectDiscreteHBridge.obj            456      64        4      
       VNH5019.obj                          464      49        4      
       RCContinuousServo.obj                332      60        4      
    +--+------------------------------------+--------+---------+---------+
       Total:                               4522     361       26     
                                                                      
    .\Roveware\RoveMotionControl\StopcapMechanisms\
       DualLimitSwitch.obj                  168      85        4      
       SingleStopLimitSwitch.obj            100      52        4      
    +--+------------------------------------+--------+---------+---------+
       Total:                               268      137       8      
                                                                      
    C:/Users/Chris/Documents/Roveboard/Roveboard tm4c1294ncpdt maker.lib
       mem.obj                              1232     0         65576  
       memp.obj                             484      32        29684  
       tcp_in.obj                           6972     0         48     
       dhcp.obj                             5732     0         56     
       RovePwmRead_TivaTM4C1294NCPDT.obj    4926     464       241    
       RoveADC_TivaTM4C1294NCPDT.obj        3332     704       1324   
       tcp.obj                              4876     198       35     
       RovePwmWrite_TivaTM4C1294NCPDT.obj   2176     4         2456   
       sysctl.obj                           3950     596       0      
       RoveI2C_TivaTM4C1294NCPDT.obj        2896     1544      0      
       tcp_out.obj                          4156     0         0      
       HardwareSerial.obj                   2604     736       384    
       dns.obj                              2056     0         1656   
       tiva-tm4c129.obj                     2324     0         1208   
       etharp.obj                           3300     12        201    
       gpio.obj                             2892     536       0      
       emac.obj                             3360     24        0      
       sw_crc.obj                           1496     1792      0      
       RoveEthernet_TivaTM4C1294NCPDT.obj   2680     4         585    
       pbuf.obj                             2682     0         1      
       hibernate.obj                        2336     0         0      
       RoveTimer_TivaTM4C1294NCPDT.obj      1748     4         488    
       RovePermaMem_TivaTM4C1294NCPDT.obj   2104     0         24     
       EthernetClient.obj                   1936     97        4      
       adc.obj                              2010     0         4      
       i2c.obj                              1796     136       0      
       interrupt.obj                        960      268       620    
       pwm.obj                              1816     0         0      
       timer.obj                            1614     168       0      
       uart.obj                             1592     136       0      
       udp.obj                              1652     0         6      
       MatrixMath.obj                       1608     0         0      
       lwiplib.obj                          1352     0         117    
       RoveUart_TivaTM4C1294NCPDT.obj       1406     0         32     
       EthernetServer.obj                   1236     49        5      
       autoip.obj                           1232     0         0      
       eeprom.obj                           1136     0         0      
       ip.obj                               1104     0         18     
       flash.obj                            952      128       0      
       ip_addr.obj                          964      8         16     
       inet_chksum.obj                      964      0         0      
       netif.obj                            952      0         9      
       DigitalPin_TivaTM4C1294NCPDT.obj     560      253       24     
       timers.obj                           788      0         12     
       icmp.obj                             660      0         0      
       Clocking_TivaTM4C1294NCPDT.obj       592      0         40     
       raw.obj                              620      0         4      
       lightTrig.obj                        464      0         0      
       watchdog.obj                         392      0         0      
       stats.obj                            2        0         288    
       IPAddress.obj                        208      4         4      
       SysInit_TivaTM4C1294NCPDT.obj        192      0         1      
       fpu.obj                              192      0         0      
       systick.obj                          136      0         0      
       def.obj                              108      0         0      
       cpu.obj                              62       0         0      
       sys_arch.obj                         40       0         0      
       init.obj                             36       0         0      
       Debug.obj                            8        0         0      
    +--+------------------------------------+--------+---------+---------+
       Total:                               101656   7897      105171 
                                                                      
    C:\ti\ccsv8\tools\compiler\ti-cgt-arm_18.1.1.LTS\lib\rtsv7M4_T_le_v4SPD16_eabi.lib
       e_pow.c.obj                          2496     48        0      
       s_atan.c.obj                         748      152       0      
       memory.c.obj                         768      0         12     
       vla_alloc.c.obj                      548      0         28     
       e_atan2.c.obj                        492      0         0      
       fd_add_t2.asm.obj                    438      0         0      
       s_atanf.c.obj                        336      52        0      
       e_atan2f.c.obj                       344      0         0      
       e_sqrt.c.obj                         344      0         0      
       fd_div_t2.asm.obj                    310      0         0      
       s_scalbn.c.obj                       272      0         0      
       fd_cmp_t2.asm.obj                    268      0         0      
       fd_mul_t2.asm.obj                    252      0         0      
       dtor_list.c.obj                      198      0         8      
       s_cosf.c.obj                         180      0         0      
       s_sinf.c.obj                         164      0         0      
       typeinfo.c.obj                       36       127       0      
       memcpy_t2.asm.obj                    156      0         0      
       vec_newdel.c.obj                     154      0         0      
       ull_div_t2.asm.obj                   150      0         0      
       memset_t2.asm.obj                    122      0         0      
       fd_toll_t2.asm.obj                   112      0         0      
       fd_tos_t2.asm.obj                    110      0         0      
       copy_decompress_lzss.c.obj           104      0         0      
       autoinit.c.obj                       96       0         0      
       exit.c.obj                           76       0         12     
       fd_toi_t2.asm.obj                    72       0         0      
       fd_tou_t2.asm.obj                    68       0         0      
       new.cpp.obj                          62       0         4      
       ll_tofd_t2.asm.obj                   64       0         0      
       u_divt2.asm.obj                      64       0         0      
       boot_cortex_m.c.obj                  56       0         0      
       fs_tod_t2.asm.obj                    56       0         0      
       i_tofd_t2.asm.obj                    46       0         0      
       e_sqrtf.c.obj                        40       0         0      
       memcmp.c.obj                         36       0         0      
       u_tofd_t2.asm.obj                    32       0         0      
       ll_mul_t2.asm.obj                    24       0         0      
       strcmp.c.obj                         24       0         0      
       stdlib_typeinfo.cpp.obj              2        21        0      
       guard.c.obj                          22       0         0      
       s_copysign.c.obj                     20       0         0      
       strlen.c.obj                         20       0         0      
       copy_decompress_none.c.obj           14       0         0      
       copy_zero_init.c.obj                 12       0         0      
       errno.c.obj                          8        0         4      
       _lock.c.obj                          2        0         8      
       pure_virt.c.obj                      6        0         0      
       error.c.obj                          4        0         0      
[...]
000273c8  SHT$$INIT_ARRAY$$Base                                                                                                                                   
00027444  SHT$$INIT_ARRAY$$Limit                                                                                                                                  
0002757c  __TI_Handler_Table_Base                                                                                                                                 
00027588  __TI_Handler_Table_Limit                                                                                                                                
00027598  __TI_CINIT_Base                                                                                                                                         
000275b0  __TI_CINIT_Limit                                                                                                                                        
20000000  g_pfnRAMVectors                                                                                                                                         
20000270  __stack                                                                                                                                                 
20000470  __STACK_TOP                                                                                                                                             
20020270  __STACK_END                                                                                                                                             
20020270  ram_heap                                                                                                                                                
20037660  RoveCommBuffer                                                                                                                                          
2003809c  g_pTxDescriptors                                                                                                                                        
2003882c  g_pRxDescriptors                                                                                                                                        
2003894c  lwip_stats                                                                                                                                              
20039254  baseRotateJointAlg                                                                                                                                      
20039288  baseRotateJointEncoder                                                                                                                                  
200392bc  baseTiltJointAlg                                                                                                                                        
200392f0  baseTiltJointEncoder                                                                                                                                    
20039324  elbowRotateJointAlg                                                                                                                                     
20039358  elbowRotateJointEncoder                                                                                                                                 
2003938c  elbowTiltJointAlg                                                                                                                                       
200393c0  elbowTiltJointEncoder                                                                                                                                   
200393f4  wristRotateJointAlg                                                                                                                                     
20039428  wristRotateJointEncoder                                                                                                                                 
2003945c  wristTiltJointAlg                                                                                                                                       
20039490  wristTiltJointEncoder                                                                                                                                   
200394c4  wristRotateJoint                                                                                                                                        
200394f0  wristTiltJoint                                                                                                                                          
2003951c  Serial1                                                                                                                                                 
20039544  Serial2                                                                                                                                                 
2003956c  Serial3                                                                                                                                                 
20039594  Serial4                                                                                                                                                 
200395bc  Serial5                                                                                                                                                 
200395e4  Serial6                                                                                                                                                 
2003960c  Serial7                                                                                                                                                 
20039634  Serial                                                                                                                                                  
20039750  dhcp_rx_options_val                                                                                                                                     
20039830  baseRotateDriver                                                                                                                                        
2003984c  baseTiltDriver                                                                                                                                          
20039868  elbowRotateDriver                                                                                                                                       
20039884  elbowTiltDriver                                                                                                                                         
200398a0  gripperDriver                                                                                                                                           
200398bc  pokerDriver                                                                                                                                             
200398d8  wristRotateDriver                                                                                                                                       
200398f4  wristTiltDriver                                                                                                                                         
20039910  baseRotateJoint                                                                                                                                         
20039928  baseTiltJoint                                                                                                                                           
20039940  elbowRotateJoint                                                                                                                                        
20039958  elbowTiltJoint                                                                                                                                          
20039970  gripper                                                                                                                                                 
20039988  poker                                                                                                                                                   
200399c8  RoveCommSubscribers                                                                                                                                     
20039a40  baseTiltSwitches                                                                                                                                        
20039a4c  elbowTiltSwitches                                                                                                                                       
20039a88  opPointOffset                                                                                                                                           
20039a94  dhcp_rx_options_given                                                                                                                                   
20039aa0  tm4c1294ncpdt_blockFreshTable                                                                                                                           
20039aac  tm4c1294ncpdt_blockUsedTable                                                                                                                            
20039ab8  baseRotateSwitch                                                                                                                                        
20039ad0  relOutput                                                                                                                                               
20039b54  baseRotateCurrentRead                                                                                                                                   
20039b58  baseTiltCurrentRead                                                                                                                                     
20039b5c  elbowRotateCurrentRead                                                                                                                                  
20039b60  elbowTiltCurrentRead                                                                                                                                    
20039b68  masterCurrentRead                                                                                                                                       
20039b74  timer6Handle                                                                                                                                            
20039b78  timer7Handle                                                                                                                                            
20039b7c  wristRotateCurrentRead                                                                                                                                  
20039b80  wristTiltCurrentRead                                                                                                                                    
20039b84  __dso_handle                                                                                                                                            
20039b88  baseRotateJointDestination                                                                                                                              
20039b8c  baseTiltJointDestination                                                                                                                                
20039b90  current_header                                                                                                                                          
20039b94  current_iphdr_dest                                                                                                                                      
20039b98  current_iphdr_src                                                                                                                                       
20039b9c  current_netif                                                                                                                                           
20039ba0  elbowRotateJointDestination                                                                                                                             
20039ba4  elbowTiltJointDestination                                                                                                                               
20039ba8  g_pfnTimerHandler                                                                                                                                       
20039bac  g_ui32AbnormalInts                                                                                                                                      
20039bb0  g_ui32NormalInts                                                                                                                                        
20039bb4  netif_default                                                                                                                                           
20039bb8  netif_list                                                                                                                                              
20039bbc  tcp_active_pcbs                                                                                                                                         
20039bc0  tcp_bound_pcbs                                                                                                                                          
20039bc4  tcp_input_pcb                                                                                                                                           
20039bc8  tcp_listen_pcbs                                                                                                                                         
20039bcc  tcp_ticks                                                                                                                                               
20039bd0  tcp_tmp_pcb                                                                                                                                             
20039bd4  tcp_tw_pcbs                                                                                                                                             
20039bd8  udp_pcbs                                                                                                                                                
20039bdc  wristRotateJointDestination                                                                                                                             
20039be0  wristTiltJointDestination                                                                                                                               
20039bea  currentControlSystem                                                                                                                                    
20039beb  pbuf_free_ooseq_pending                                                                                                                                 
20039bec  tcp_active_pcbs_changed                                                                                                                                 
20039bf0  _sys_memory                                                                                                                                             
2003e550  g_ui32LocalTimer                                                                                                                                        
2003e598  initialized                                                                                                                                             
2003e599  watchdogUsed                                                                                                                                            
2003e59a  gripperSwapped                                                                                                                                          
2003e59b  sendPeriodicPositions                                                                                                                                   
2003e5d8  destPositions                                                                                                                                           
2003e5f0  outputAngles                                                                                                                                            
2003e608  presentCoordinates                                                                                                                                      
2003e620  g_RxDescList                                                                                                                                            
2003e630  g_TxDescList                                                                                                                                            
2003e640  __TI_cleanup_ptr                                                                                                                                        
2003e644  __TI_dtors_ptr                                                                                                                                          
2003e648  __TI_enable_exit_profile_output                                                                                                                         
2003e664  _lock                                                                                                                                                   
2003e668  _unlock                                                                                                                                                 
2003e6a0  errno                                                                                                                                                   
ffffffff  __TI_pprof_out_hndl                                                                                                                                     
ffffffff  __TI_prof_data_size                                                                                                                                     
ffffffff  __TI_prof_data_start                                                                                                                                    
ffffffff  __binit__                                                                                                                                               
ffffffff  __c_args__                                                                                                                                              
ffffffff  binit                                                                                                                                                   
UNDEFED   __mpu_init                                                                                                                                              
UNDEFED   _system_post_cinit                                                                                                                                      

[1536 symbols]
